
> claudepro-directory@1.0.0 build
> npm run build:content && npm run generate:openapi && npm run build:api-docs && next build --turbopack


> claudepro-directory@1.0.0 build:content
> tsx scripts/build-content.ts

✅ Built AI Agents: 10/10 valid (61ms, 3.1MB)
✅ Built Statuslines: 6/6 valid (119ms, 9.0MB)
✅ Built Collections: 9/9 valid (133ms, 10.0MB)
✅ Built Skills: 10/10 valid (143ms, 11.0MB)
✅ Built Commands: 12/12 valid (186ms, 14.5MB)
✅ Built Rules: 11/11 valid (191ms, 14.6MB)
✅ Built MCP Servers: 40/40 valid (228ms, 9.3MB)
✅ Built Hooks: 60/60 valid (242ms, 12.8MB)
✅ ✓ AI Agents: 10 valid, 0 invalid (61ms)
✅ ✓ MCP Servers: 40 valid, 0 invalid (228ms)
✅ ✓ Commands: 12 valid, 0 invalid (186ms)
✅ ✓ Rules: 11 valid, 0 invalid (191ms)
✅ ✓ Hooks: 60 valid, 0 invalid (242ms)
✅ ✓ Statuslines: 6 valid, 0 invalid (119ms)
✅ ✓ Collections: 9 valid, 0 invalid (133ms)
✅ ✓ Skills: 10 valid, 0 invalid (143ms)

> claudepro-directory@1.0.0 generate:openapi
> tsx scripts/generate-openapi.ts

Generating OpenAPI 3.1 specification...
Generating spec from Zod schemas...
Validating OpenAPI spec structure...
Spec Statistics: {
  openapi_version: '3.1.0',
  api_title: 'ClaudePro Directory API',
  api_version: '1.0.0',
  endpoints: 7,
  tags: 3,
  servers: 2
}
Writing OpenAPI spec to disk...
✅ OpenAPI spec generated successfully

> claudepro-directory@1.0.0 build:api-docs
> tsx scripts/generate-fumadocs-api.ts

Generating Fumadocs API documentation from OpenAPI spec...
Generated: /workspace/content/api-docs/getContentByCategory.mdx
Generated: /workspace/content/api-docs/getTrendingContent.mdx
Generated: /workspace/content/api-docs/triggerCacheWarming.mdx
Generated: /workspace/content/api-docs/getCacheStatus.mdx
Generated: /workspace/content/api-docs/getTrendingGuides.mdx
Generated: /workspace/content/api-docs/getAllConfigurations.mdx
Generated: /workspace/content/api-docs/searchContent.mdx
Generated: /workspace/content/api-docs/getContentBySlug.mdx
✅ API documentation generated successfully
Output: content/api-docs/*.mdx
Attention: Next.js now collects completely anonymous telemetry regarding usage.
This information is used to shape Next.js' roadmap and prioritize features.
You can learn more, including how to opt-out if you'd not like to participate in this anonymous program, by visiting the following URL:
https://nextjs.org/telemetry

   ▲ Next.js 15.5.5 (Turbopack)
   - Experiments (use with caution):
     ✓ inlineCss
     · staleTimes
     · cssChunking: "strict"
     ⨯ reactCompiler
     ✓ scrollRestoration
     · webVitalsAttribution
     · optimizePackageImports

   Creating an optimized production build ...
 ✓ Finished writing to disk in 1053ms
 ✓ Compiled successfully in 67s
   Skipping linting
   Checking validity of types ...
   Collecting page data ...
 ⚠ Using edge runtime on a page currently disables static generation for that page
   Generating static pages (0/466) ...
   Generating static pages (116/466) 
   Generating static pages (232/466) 
   Generating static pages (349/466) 
 ✓ Generating static pages (466/466)
   Finalizing page optimization ...
   Collecting build traces ...

Route (app)                                                                                    Size  First Load JS
┌ ƒ /                                                                                       35.5 kB         612 kB
├ ƒ /_not-found                                                                                 0 B         576 kB
├ ● /[category]                                                                                 0 B         590 kB
├   ├ /agents
├   ├ /mcp
├   ├ /commands
├   └ [+5 more paths]
├ ● /[category]/[slug]                                                                      21.7 kB         633 kB
├   ├ /agents/api-builder-agent
├   ├ /agents/backend-architect-agent
├   ├ /agents/code-reviewer-agent
├   └ [+155 more paths]
├ ● /[category]/[slug]/llms.txt                                                                 0 B            0 B
├   ├ /agents/api-builder-agent/llms.txt
├   ├ /agents/backend-architect-agent/llms.txt
├   ├ /agents/code-reviewer-agent/llms.txt
├   └ [+155 more paths]
├ ● /[category]/llms.txt                                                                        0 B            0 B
├   ├ /agents/llms.txt
├   ├ /mcp/llms.txt
├   ├ /commands/llms.txt
├   └ [+5 more paths]
├ ƒ /account                                                                                    0 B         582 kB
├ ƒ /account/activity                                                                       1.66 kB         584 kB
├ ƒ /account/bookmarks                                                                          0 B         582 kB
├ ƒ /account/jobs                                                                             875 B         583 kB
├ ƒ /account/jobs/[id]/analytics                                                                0 B         582 kB
├ ƒ /account/jobs/[id]/edit                                                                     0 B         593 kB
├ ƒ /account/jobs/new                                                                           0 B         593 kB
├ ƒ /account/library                                                                        1.56 kB         584 kB
├ ƒ /account/library/[slug]                                                                 9.16 kB         591 kB
├ ƒ /account/library/[slug]/edit                                                                0 B         586 kB
├ ƒ /account/library/new                                                                        0 B         586 kB
├ ƒ /account/settings                                                                       2.52 kB         585 kB
├ ƒ /account/sponsorships                                                                       0 B         582 kB
├ ƒ /account/sponsorships/[id]/analytics                                                        0 B         582 kB
├ ƒ /account/submissions                                                                        0 B         582 kB
├ ƒ /api-docs                                                                               21.8 kB         598 kB
├ ƒ /api-docs/llms.txt                                                                          0 B            0 B
├ ƒ /api/[contentType]                                                                          0 B            0 B
├ ƒ /api/all-configurations.json                                                                0 B            0 B
├ ƒ /api/cache/warm                                                                             0 B            0 B
├ ƒ /api/cron/daily-maintenance                                                                 0 B            0 B
├ ƒ /api/cron/weekly-tasks                                                                      0 B            0 B
├ ƒ /api/emails/preview                                                                         0 B            0 B
├ ƒ /api/guides/trending                                                                        0 B            0 B
├ ƒ /api/og                                                                                     0 B            0 B
├ ƒ /api/webhooks/resend                                                                        0 B            0 B
├ ○ /apple-icon.png                                                                             0 B            0 B
├ ƒ /auth/auth-code-error                                                                       0 B         576 kB
├ ƒ /auth/callback                                                                              0 B            0 B
├ ƒ /board                                                                                      0 B         578 kB
├ ƒ /board/new                                                                              2.57 kB         579 kB
├ ƒ /changelog                                                                              6.38 kB         583 kB
├ ● /changelog/[slug]                                                                       21.9 kB         626 kB
├   ├ /changelog/2025-10-14-skills-category-integration-pdfdocxpptxxlsx
├   ├ /changelog/2025-10-13-collections-category-system-consolidation
├   ├ /changelog/2025-10-13-dependency-updates-and-typescript-safety-improvements
├   └ [+30 more paths]
├ ● /changelog/[slug]/llms.txt                                                                  0 B            0 B
├   ├ /changelog/2025-10-14-skills-category-integration-pdfdocxpptxxlsx/llms.txt
├   ├ /changelog/2025-10-13-collections-category-system-consolidation/llms.txt
├   ├ /changelog/2025-10-13-dependency-updates-and-typescript-safety-improvements/llms.txt
├   └ [+30 more paths]
├ ƒ /changelog/atom.xml                                                                         0 B            0 B
├ ƒ /changelog/llms.txt                                                                         0 B            0 B
├ ƒ /changelog/rss.xml                                                                          0 B            0 B
├ ƒ /community                                                                                  0 B         578 kB
├ ƒ /companies                                                                               6.6 kB         583 kB
├ ○ /compare/[slug]                                                                             0 B         576 kB
├ ƒ /for-you                                                                                2.31 kB         586 kB
├ ƒ /guides                                                                                     0 B         590 kB
├ ● /guides/[category]/[slug]                                                               26.1 kB         630 kB
├   ├ /guides/use-cases/business-process-automation
├   ├ /guides/use-cases/financial-services-guide
├   ├ /guides/use-cases/healthcare-hipaa-guide
├   └ [+17 more paths]
├ ƒ /guides/[category]/[slug]/llms.txt                                                          0 B            0 B
├ ƒ /guides/llms.txt                                                                            0 B            0 B
├ ○ /icon.png                                                                                   0 B            0 B
├ ƒ /jobs                                                                                     15 kB         591 kB
├ ● /jobs/[slug]                                                                                0 B         576 kB
├ ƒ /llms.txt                                                                                   0 B            0 B
├ ƒ /login                                                                                    784 B         577 kB
├ ○ /manifest.webmanifest                                                                       0 B            0 B
├ ƒ /partner                                                                                    0 B         578 kB
├ ƒ /search                                                                                     0 B         576 kB
├ ƒ /sitemap.xml                                                                                0 B            0 B
├ ƒ /submit                                                                                 16.9 kB         593 kB
├ ƒ /tools/config-recommender                                                               7.46 kB         584 kB
├ ƒ /tools/config-recommender/llms.txt                                                          0 B            0 B
├ ƒ /tools/config-recommender/results/[id]                                                  12.5 kB         589 kB
├ ƒ /trending                                                                               3.53 kB         588 kB
├ ƒ /u/[slug]                                                                               5.25 kB         581 kB
└ ƒ /u/[slug]/collections/[collectionSlug]                                                      0 B         577 kB
+ First Load JS shared by all                                                                603 kB
  ├ chunks/13d6b75d38152d60.js                                                              17.5 kB
  ├ chunks/1915ba7b0401d7f2.js                                                              12.6 kB
  ├ chunks/297322ed116e34a8.js                                                              28.9 kB
  ├ chunks/68d41724e3906d77.js                                                               134 kB
  ├ chunks/68d5c89ee06f6026.js                                                              10.7 kB
  ├ chunks/74619abdbe9b94b5.js                                                                59 kB
  ├ chunks/a672d40e5f73b86f.js                                                              10.8 kB
  ├ chunks/a6e79bb32cbf2001.js                                                              10.2 kB
  ├ chunks/dc22eb2e9c92743e.js                                                              57.4 kB
  ├ chunks/dd5a20bba17d0747.js                                                              40.6 kB
  ├ chunks/ee884c8a67a96db1.js                                                              16.1 kB
  ├ chunks/f3014b7978077972.js                                                              89.5 kB
  ├ chunks/82f5ac6890781217.css                                                             26.5 kB
  └ other shared chunks (total)                                                             89.9 kB


○  (Static)   prerendered as static content
●  (SSG)      prerendered as static HTML (uses generateStaticParams)
ƒ  (Dynamic)  server-rendered on demand

